2026-03-30 03:57:33,074 INFO req=9f74a4f5c6ca4d5d9561b87de5f176f3 GET /api/health -> 200 248ms
2026-03-30 03:57:38,279 INFO req=f044803b4f08412d86d986b02dbf463f GET /api/health -> 200 78ms
2026-03-30 03:57:43,613 INFO req=5bb07ea7f635422d8b2bdb4bc2065d1e GET /api/health -> 200 82ms
2026-03-30 03:57:48,809 INFO req=83db553099b94dd388346bd17c5edaa6 GET /api/health -> 200 70ms
2026-03-30 03:57:53,997 INFO req=97870268051742d3ae27070de07dc41e GET /api/health -> 200 62ms
2026-03-30 03:57:59,357 INFO req=cf7f84f6e8724b32b21df9aa9d12fb89 GET /api/health -> 200 104ms
2026-03-30 03:57:59,453 INFO req=cea3eab818262df6f937b396d95f7053 GET /api/auth/me -> 200 0ms
2026-03-30 03:58:00,371 INFO req=16a6e850dc11f70d1c1eef45267d2832 GET /api/auth/me -> 200 4ms
2026-03-30 03:58:01,589 INFO req=853a24f03ff44f0da0d4d0f8f66e4a4c GET /api/public/posts -> 200 112ms
2026-03-30 03:58:03,026 INFO req=22172236c803371e6398fd0b9fa7c5d0 GET /api/auth/me -> 200 0ms
2026-03-30 03:58:03,888 INFO req=c9eaa9c8231cb5b2aea1fafe1afab792 POST /api/auth/login -> 200 4ms
2026-03-30 03:58:04,133 INFO req=508ea7a383c06d3cab90984d8f1f7edb GET /api/notes -> 200 17ms
2026-03-30 03:58:04,631 INFO req=e9f4768c62c74c8b8409ae3c5a158204 GET /api/health -> 200 153ms
2026-03-30 03:58:05,980 INFO req=7619d5115c3d71874276c4bcd88441fc GET /api/auth/me -> 200 0ms
2026-03-30 03:58:06,335 INFO req=ed0da3cf12c6f0ba0d6dd7afd5592890 GET /api/imports -> 200 13ms
2026-03-30 03:58:07,947 INFO req=a0308902431e366981d3008e6f3cc266 GET /api/notes -> 200 6ms
2026-03-30 03:58:09,810 INFO req=f864a4c5bcd2437eb6ba72b593a0d502 GET /api/health -> 200 66ms
2026-03-30 03:58:15,149 INFO req=c6abadd7fb454e75a337f08708771409 GET /api/health -> 200 97ms
2026-03-30 03:58:20,464 INFO req=b95f9c7b365349309b1c0207837562de GET /api/health -> 200 126ms
2026-03-30 03:58:25,590 INFO req=4b554f4780ff48cf98beaaceedda505b GET /api/health -> 200 39ms
2026-03-30 03:58:30,708 INFO req=1ee4d8a3fc8144dab2bd901a14198b9c GET /api/health -> 200 48ms
2026-03-30 03:58:35,840 INFO req=8d7dbb895e44428ea454a722bd34643a GET /api/health -> 200 43ms
2026-03-30 03:58:40,992 INFO req=ae11a03c715e472eb73b4cee262facb0 GET /api/health -> 200 41ms
2026-03-30 03:58:46,127 INFO req=659b8bc354464dd5a8683caf58dac2b7 GET /api/health -> 200 39ms
2026-03-30 03:58:51,344 INFO req=70dbebc0a953497d8206094f5af7dece GET /api/health -> 200 88ms
2026-03-30 03:58:56,671 INFO req=554997de3da2419ca54944dc5a073348 GET /api/health -> 200 119ms
2026-03-30 03:59:01,939 INFO req=afc7347f11964b3a96bd011d48f78d00 GET /api/health -> 200 86ms
2026-03-30 03:59:07,152 INFO req=64bbe404bfea4556a5ba93e6d3031ff6 GET /api/health -> 200 102ms
2026-03-30 03:59:12,268 INFO req=d350fcb70ffa41449c962bc7eda6b0b9 GET /api/health -> 200 30ms
2026-03-30 03:59:17,540 INFO req=cb2f213dd20d4440bfa1ceb114359b78 GET /api/health -> 200 76ms
2026-03-30 03:59:22,670 INFO req=d6dd5793b0e84d678e0153ce5e20ac38 GET /api/health -> 200 51ms
2026-03-30 03:59:27,816 INFO req=247ac888a5a34b95802ede1c7b776e86 GET /api/health -> 200 54ms
2026-03-30 03:59:32,916 INFO req=08d668315bbb433f8837593881bd304c GET /api/health -> 200 32ms
2026-03-30 03:59:37,992 INFO req=41424b4fdb814f8986e5833e78b4acca GET /api/health -> 200 22ms
2026-03-30 03:59:43,221 INFO req=a240c1d2096e4784a497458b5021ea6e GET /api/health -> 200 23ms
2026-03-30 03:59:48,296 INFO req=11016a45bc1d4a2f84e1a2e04c4086b4 GET /api/health -> 200 21ms
2026-03-30 03:59:53,385 INFO req=baf617950fbf4bdba049a38c8979e659 GET /api/health -> 200 37ms
2026-03-30 03:59:58,464 INFO req=e8bcaebf60e846f4a267fa2d11125af6 GET /api/health -> 200 26ms
